<area shape="rect" href="$globals_8h.html" title="Source for the main in&#45;game functions (for now)." alt="" coords="227,84,304,111">
<area shape="rect" href="$players_8h.html" title="Holds the names of the global variables used throughout all the game code." alt="" coords="5,161,85,188">
<area shape="rect" href="$weapons_8h.html" title="Holds the names of the global variables used throughout all the game code." alt="" coords="109,161,200,188">
<area shape="rect" href="$functions_8h.html" title="Holds the names of the global variables used throughout all the game code." alt="" coords="472,161,563,188">
<area shape="rect" href="$iteam__maths_8h.html" title="Holds the names of the global variables used throughout all the game code." alt="" coords="331,161,448,188">
<area shape="rect" title="Source for the main in&#45;game functions (for now)." alt="" coords="429,84,507,111">
<area shape="rect" href="$settings_8h.html" title="Holds the names of the global variables used throughout all the game code." alt="" coords="224,161,307,188">
<area shape="rect" title="settings class" alt="" coords="248,239,317,265">
<area shape="rect" title="settings class" alt="" coords="131,239,224,265">
<area shape="rect" title="Mathematical functions." alt="" coords="359,239,420,265">
