<area shape="rect" href="$globals_8h.html" title="PlayerObj class." alt="" coords="911,84,1196,111">
<area shape="rect" href="$functions_8cpp.html" title="weapon class" alt="" coords="1792,239,2107,265">
<area shape="rect" href="$players_8cpp.html" title="weapon class" alt="" coords="1464,239,1768,265">
<area shape="rect" href="$weapons_8cpp.html" title="weapon class" alt="" coords="427,239,741,265">
<area shape="rect" href="$weapons_8h.html" title="Holds the names of the global variables used throughout all the game code." alt="" coords="811,161,1109,188">
<area shape="rect" href="$iteam&#45;ai_8cpp.html" title="weapon class" alt="" coords="765,239,1075,265">
<area shape="rect" href="$physics_8cpp.html" title="weapon class" alt="" coords="5,239,309,265">
<area shape="rect" href="$iteam__maths_8h.html" title="Holds the names of the global variables used throughout all the game code." alt="" coords="1184,161,1512,188">
<area shape="rect" href="$primitives_8h.html" title="Holds the names of the global variables used throughout all the game code." alt="" coords="432,161,736,188">
<area shape="rect" href="$settings_8cpp.html" title="Holds the names of the global variables used throughout all the game code." alt="" coords="101,161,408,188">
<area shape="rect" href="$iteam__maths_8cpp.html" title="Mathematical functions." alt="" coords="1099,239,1440,265">
